<testsuites id="" name="" tests="5" failures="0" skipped="0" errors="0" time="136.61731899999998">
<testsuite name="tests\module.test.ts" timestamp="2026-02-24T18:43:58.023Z" hostname="Desktop Chrome" tests="5" failures="0" skipped="0" time="135.526" errors="0">
<testcase name="download module" classname="tests\module.test.ts" time="29.784">
</testcase>
<testcase name="bookmark" classname="tests\module.test.ts" time="26.243">
</testcase>
<testcase name="evaluation" classname="tests\module.test.ts" time="27.99">
</testcase>
<testcase name="search" classname="tests\module.test.ts" time="25.009">
</testcase>
<testcase name="submit" classname="tests\module.test.ts" time="26.5">
</testcase>
</testsuite>
</testsuites>